// Vitest Snapshot v1

exports[`LogoutPage > should render 1`] = `
"<h2 class=\\"title is-4\\">Ciao!</h2>
<p>Wir hoffen, Dich bald wiederzusehen!</p>
<div class=\\"button-list\\"><button id=\\"recipes-button\\" data-v-41d81733=\\"\\">Zu den Rezepten</button></div>"
`;
